
> syde-academic-weapon@0.1.0 build
> next build

Γû▓ Next.js 16.1.1 (Turbopack)
- Environments: .env.local

  Creating an optimized production build ...
Γ£ô Compiled successfully in 3.3s
  Running TypeScript ...
node.exe : Failed to compile.
At C:\Program 
Files\nodejs\npm.ps1:29 char:3
+   & $NODE_EXE $NPM_CLI_JS $args
+   ~~~~~~~~~~~~~~~~~~~~~~~~~~~~~
    + CategoryInfo          : NotSp 
   ecified: (Failed to compile.:St  
  ring) [], RemoteException
    + FullyQualifiedErrorId : Nativ 
   eCommandError
 

./src/app/actions/academics.ts:58:21
Type error: Argument of type '{ 
program_id: string; university_id: 
any; display_name: string; 
current_term_label: string; }' is 
not assignable to parameter of type 
'never'.

[0m [90m 56 |[39m         
[36mconst[39m { error[33m:[39m 
profileError } [33m=[39m 
[36mawait[39m supabase
 [90m 57 |[39m             [33m.
[39m[36mfrom[39m([32m"profiles"[
39m)
[31m[1m>[22m[39m[90m 58 |[39m 
            [33m.[39mupdate({
 [90m    |[39m                    
 [31m[1m^[22m[39m
 [90m 59 |[39m                 
program_id[33m:[39m 
programId[33m,[39m
 [90m 60 |[39m                 
university_id[33m:[39m program[33
m.[39muniversity_id[33m,[39m
 [90m 61 |[39m                 
display_name[33m:[39m 
displayName[33m,[39m[0m
Next.js build worker exited with 
code: 1 and signal: null
